/home/ubuntu/Desktop/mineSStuBs/SStuBsMiner/src/uk/ac/ed/inf/mpatsis/sstubs/mining/package-info.java
/home/ubuntu/Desktop/mineSStuBs/SStuBsMiner/src/uk/ac/ed/inf/mpatsis/utils/ModifiedLinesCounter.java
/home/ubuntu/Desktop/mineSStuBs/SStuBsMiner/src/uk/ac/ed/inf/mpatsis/sstubs/mining/SStuBsMiner.java
/home/ubuntu/Desktop/mineSStuBs/SStuBsMiner/src/uk/ac/ed/inf/mpatsis/sstubs/mining/RefactoredVariable.java
/home/ubuntu/Desktop/mineSStuBs/SStuBsMiner/src/uk/ac/ed/inf/mpatsis/utils/ExtractRepoHeads.java
/home/ubuntu/Desktop/mineSStuBs/SStuBsMiner/src/edu/stanford/nlp/process/Stemmer.java
/home/ubuntu/Desktop/mineSStuBs/SStuBsMiner/src/uk/ac/ed/inf/mpatsis/sstubs/AST/RefactoredVariablesVisitor.java
/home/ubuntu/Desktop/mineSStuBs/SStuBsMiner/src/uk/ac/ed/inf/mpatsis/sstubs/mining/RefactoredFunction.java
/home/ubuntu/Desktop/mineSStuBs/SStuBsMiner/src/uk/ac/ed/inf/mpatsis/sstubs/core/BugInstance.java
/home/ubuntu/Desktop/mineSStuBs/SStuBsMiner/src/uk/ac/ed/inf/mpatsis/sstubs/core/BugType.java
/home/ubuntu/Desktop/mineSStuBs/SStuBsMiner/src/uk/ac/ed/inf/mpatsis/sstubs/core/MinedBug.java
/home/ubuntu/Desktop/mineSStuBs/SStuBsMiner/src/uk/ac/ed/inf/mpatsis/sstubs/AST/RefactoredFunctionsVisitor.java
/home/ubuntu/Desktop/mineSStuBs/SStuBsMiner/src/uk/ac/ed/inf/mpatsis/sstubs/core/package-info.java
/home/ubuntu/Desktop/mineSStuBs/SStuBsMiner/src/uk/ac/ed/inf/mpatsis/utils/package-info.java
/home/ubuntu/Desktop/mineSStuBs/SStuBsMiner/src/uk/ac/ed/inf/mpatsis/sstubs/AST/ASTDifferenceLocator.java
/home/ubuntu/Desktop/mineSStuBs/SStuBsMiner/src/uk/ac/ed/inf/mpatsis/sstubs/core/MinedSStuB.java
